[0.196s] DEBUG:colcon:Command line arguments: ['/usr/bin/colcon', 'build', '--packages-select', 'joy_modbus_bridge']
[0.196s] DEBUG:colcon:Parsed command line arguments: Namespace(log_base=None, log_level=None, verb_name='build', build_base='build', install_base='install', merge_install=False, symlink_install=False, test_result_base=None, continue_on_error=False, executor='parallel', parallel_workers=8, event_handlers=None, ignore_user_meta=False, metas=['./colcon.meta'], base_paths=['.'], packages_ignore=None, packages_ignore_regex=None, paths=None, packages_up_to=None, packages_up_to_regex=None, packages_above=None, packages_above_and_dependencies=None, packages_above_depth=None, packages_select_by_dep=None, packages_skip_by_dep=None, packages_skip_up_to=None, packages_select_build_failed=False, packages_skip_build_finished=False, packages_select_test_failures=False, packages_skip_test_passed=False, packages_select=['joy_modbus_bridge'], packages_skip=None, packages_select_regex=None, packages_skip_regex=None, packages_start=None, packages_end=None, allow_overriding=[], cmake_args=None, cmake_target=None, cmake_target_skip_unavailable=False, cmake_clean_cache=False, cmake_clean_first=False, cmake_force_configure=False, ament_cmake_args=None, catkin_cmake_args=None, catkin_skip_building_tests=False, mixin_files=None, mixin=None, verb_parser=<colcon_mixin.mixin.mixin_argument.MixinArgumentDecorator object at 0x7e4b6e0a33a0>, verb_extension=<colcon_core.verb.build.BuildVerb object at 0x7e4b6e0a2ef0>, main=<bound method BuildVerb.main of <colcon_core.verb.build.BuildVerb object at 0x7e4b6e0a2ef0>>, mixin_verb=('build',))
[0.623s] Level 1:colcon.colcon_core.package_discovery:discover_packages(colcon_meta) check parameters
[0.623s] Level 1:colcon.colcon_core.package_discovery:discover_packages(recursive) check parameters
[0.623s] Level 1:colcon.colcon_core.package_discovery:discover_packages(ignore) check parameters
[0.623s] Level 1:colcon.colcon_core.package_discovery:discover_packages(path) check parameters
[0.623s] Level 1:colcon.colcon_core.package_discovery:discover_packages(colcon_meta) discover
[0.623s] Level 1:colcon.colcon_core.package_discovery:discover_packages(recursive) discover
[0.623s] INFO:colcon.colcon_core.package_discovery:Crawling recursively for packages in '/home/rj/Documents/SelfBalancingRobot/Code/ROS2'
[0.623s] Level 1:colcon.colcon_core.package_identification:_identify(.) by extensions ['ignore', 'ignore_ament_install']
[0.623s] Level 1:colcon.colcon_core.package_identification:_identify(.) by extension 'ignore'
[0.623s] Level 1:colcon.colcon_core.package_identification:_identify(.) by extension 'ignore_ament_install'
[0.623s] Level 1:colcon.colcon_core.package_identification:_identify(.) by extensions ['colcon_pkg']
[0.623s] Level 1:colcon.colcon_core.package_identification:_identify(.) by extension 'colcon_pkg'
[0.623s] Level 1:colcon.colcon_core.package_identification:_identify(.) by extensions ['colcon_meta']
[0.623s] Level 1:colcon.colcon_core.package_identification:_identify(.) by extension 'colcon_meta'
[0.623s] Level 1:colcon.colcon_core.package_identification:_identify(.) by extensions ['ros']
[0.623s] Level 1:colcon.colcon_core.package_identification:_identify(.) by extension 'ros'
[0.636s] Level 1:colcon.colcon_core.package_identification:_identify(.) by extensions ['cmake', 'python']
[0.636s] Level 1:colcon.colcon_core.package_identification:_identify(.) by extension 'cmake'
[0.636s] Level 1:colcon.colcon_core.package_identification:_identify(.) by extension 'python'
[0.636s] Level 1:colcon.colcon_core.package_identification:_identify(.) by extensions ['python_setup_py']
[0.636s] Level 1:colcon.colcon_core.package_identification:_identify(.) by extension 'python_setup_py'
[0.637s] Level 1:colcon.colcon_core.package_identification:_identify(build) by extensions ['ignore', 'ignore_ament_install']
[0.637s] Level 1:colcon.colcon_core.package_identification:_identify(build) by extension 'ignore'
[0.637s] Level 1:colcon.colcon_core.package_identification:_identify(build) ignored
[0.637s] Level 1:colcon.colcon_core.package_identification:_identify(install) by extensions ['ignore', 'ignore_ament_install']
[0.637s] Level 1:colcon.colcon_core.package_identification:_identify(install) by extension 'ignore'
[0.637s] Level 1:colcon.colcon_core.package_identification:_identify(install) ignored
[0.637s] Level 1:colcon.colcon_core.package_identification:_identify(log) by extensions ['ignore', 'ignore_ament_install']
[0.637s] Level 1:colcon.colcon_core.package_identification:_identify(log) by extension 'ignore'
[0.637s] Level 1:colcon.colcon_core.package_identification:_identify(log) ignored
[0.637s] Level 1:colcon.colcon_core.package_identification:_identify(src) by extensions ['ignore', 'ignore_ament_install']
[0.637s] Level 1:colcon.colcon_core.package_identification:_identify(src) by extension 'ignore'
[0.637s] Level 1:colcon.colcon_core.package_identification:_identify(src) by extension 'ignore_ament_install'
[0.637s] Level 1:colcon.colcon_core.package_identification:_identify(src) by extensions ['colcon_pkg']
[0.637s] Level 1:colcon.colcon_core.package_identification:_identify(src) by extension 'colcon_pkg'
[0.637s] Level 1:colcon.colcon_core.package_identification:_identify(src) by extensions ['colcon_meta']
[0.637s] Level 1:colcon.colcon_core.package_identification:_identify(src) by extension 'colcon_meta'
[0.637s] Level 1:colcon.colcon_core.package_identification:_identify(src) by extensions ['ros']
[0.638s] Level 1:colcon.colcon_core.package_identification:_identify(src) by extension 'ros'
[0.638s] Level 1:colcon.colcon_core.package_identification:_identify(src) by extensions ['cmake', 'python']
[0.638s] Level 1:colcon.colcon_core.package_identification:_identify(src) by extension 'cmake'
[0.638s] Level 1:colcon.colcon_core.package_identification:_identify(src) by extension 'python'
[0.638s] Level 1:colcon.colcon_core.package_identification:_identify(src) by extensions ['python_setup_py']
[0.638s] Level 1:colcon.colcon_core.package_identification:_identify(src) by extension 'python_setup_py'
[0.638s] Level 1:colcon.colcon_core.package_identification:_identify(src/joy_modbus_bridge) by extensions ['ignore', 'ignore_ament_install']
[0.638s] Level 1:colcon.colcon_core.package_identification:_identify(src/joy_modbus_bridge) by extension 'ignore'
[0.638s] Level 1:colcon.colcon_core.package_identification:_identify(src/joy_modbus_bridge) by extension 'ignore_ament_install'
[0.638s] Level 1:colcon.colcon_core.package_identification:_identify(src/joy_modbus_bridge) by extensions ['colcon_pkg']
[0.638s] Level 1:colcon.colcon_core.package_identification:_identify(src/joy_modbus_bridge) by extension 'colcon_pkg'
[0.638s] Level 1:colcon.colcon_core.package_identification:_identify(src/joy_modbus_bridge) by extensions ['colcon_meta']
[0.638s] Level 1:colcon.colcon_core.package_identification:_identify(src/joy_modbus_bridge) by extension 'colcon_meta'
[0.638s] Level 1:colcon.colcon_core.package_identification:_identify(src/joy_modbus_bridge) by extensions ['ros']
[0.638s] Level 1:colcon.colcon_core.package_identification:_identify(src/joy_modbus_bridge) by extension 'ros'
[0.641s] DEBUG:colcon.colcon_core.package_identification:Package 'src/joy_modbus_bridge' with type 'ros.ament_python' and name 'joy_modbus_bridge'
[0.641s] Level 1:colcon.colcon_core.package_discovery:discover_packages(recursive) using defaults
[0.641s] Level 1:colcon.colcon_core.package_discovery:discover_packages(ignore) discover
[0.641s] Level 1:colcon.colcon_core.package_discovery:discover_packages(ignore) using defaults
[0.641s] Level 1:colcon.colcon_core.package_discovery:discover_packages(path) discover
[0.641s] Level 1:colcon.colcon_core.package_discovery:discover_packages(path) using defaults
[0.674s] Level 1:colcon.colcon_core.package_discovery:discover_packages(prefix_path) check parameters
[0.674s] Level 1:colcon.colcon_core.package_discovery:discover_packages(prefix_path) discover
[0.763s] DEBUG:colcon.colcon_installed_package_information.package_discovery:Found 3 installed packages in /home/rj/Documents/F1TENTH/install
[0.778s] DEBUG:colcon.colcon_installed_package_information.package_discovery:Found 346 installed packages in /home/rj/ros2_humble/install
[0.781s] DEBUG:colcon.colcon_installed_package_information.package_discovery:Found 1 installed packages in /home/rj/ros2_ws/install
[0.783s] DEBUG:colcon.colcon_installed_package_information.package_discovery:Found 287 installed packages in /opt/ros/humble
[0.796s] Level 1:colcon.colcon_core.package_discovery:discover_packages(prefix_path) using defaults
[0.917s] Level 5:colcon.colcon_core.verb:set package 'joy_modbus_bridge' build argument 'cmake_args' from command line to 'None'
[0.917s] Level 5:colcon.colcon_core.verb:set package 'joy_modbus_bridge' build argument 'cmake_target' from command line to 'None'
[0.917s] Level 5:colcon.colcon_core.verb:set package 'joy_modbus_bridge' build argument 'cmake_target_skip_unavailable' from command line to 'False'
[0.917s] Level 5:colcon.colcon_core.verb:set package 'joy_modbus_bridge' build argument 'cmake_clean_cache' from command line to 'False'
[0.917s] Level 5:colcon.colcon_core.verb:set package 'joy_modbus_bridge' build argument 'cmake_clean_first' from command line to 'False'
[0.917s] Level 5:colcon.colcon_core.verb:set package 'joy_modbus_bridge' build argument 'cmake_force_configure' from command line to 'False'
[0.917s] Level 5:colcon.colcon_core.verb:set package 'joy_modbus_bridge' build argument 'ament_cmake_args' from command line to 'None'
[0.917s] Level 5:colcon.colcon_core.verb:set package 'joy_modbus_bridge' build argument 'catkin_cmake_args' from command line to 'None'
[0.917s] Level 5:colcon.colcon_core.verb:set package 'joy_modbus_bridge' build argument 'catkin_skip_building_tests' from command line to 'False'
[0.917s] DEBUG:colcon.colcon_core.verb:Building package 'joy_modbus_bridge' with the following arguments: {'ament_cmake_args': None, 'build_base': '/home/rj/Documents/SelfBalancingRobot/Code/ROS2/build/joy_modbus_bridge', 'catkin_cmake_args': None, 'catkin_skip_building_tests': False, 'cmake_args': None, 'cmake_clean_cache': False, 'cmake_clean_first': False, 'cmake_force_configure': False, 'cmake_target': None, 'cmake_target_skip_unavailable': False, 'install_base': '/home/rj/Documents/SelfBalancingRobot/Code/ROS2/install/joy_modbus_bridge', 'merge_install': False, 'path': '/home/rj/Documents/SelfBalancingRobot/Code/ROS2/src/joy_modbus_bridge', 'symlink_install': False, 'test_result_base': None}
[0.917s] INFO:colcon.colcon_core.executor:Executing jobs using 'parallel' executor
[0.918s] DEBUG:colcon.colcon_parallel_executor.executor.parallel:run_until_complete
[0.918s] INFO:colcon.colcon_ros.task.ament_python.build:Building ROS package in '/home/rj/Documents/SelfBalancingRobot/Code/ROS2/src/joy_modbus_bridge' with build type 'ament_python'
[0.918s] Level 1:colcon.colcon_core.shell:create_environment_hook('joy_modbus_bridge', 'ament_prefix_path')
[0.923s] INFO:colcon.colcon_core.plugin_system:Skipping extension 'colcon_core.shell.bat': Not used on non-Windows systems
[0.923s] INFO:colcon.colcon_core.shell:Creating environment hook '/home/rj/Documents/SelfBalancingRobot/Code/ROS2/install/joy_modbus_bridge/share/joy_modbus_bridge/hook/ament_prefix_path.ps1'
[0.923s] INFO:colcon.colcon_core.shell:Creating environment descriptor '/home/rj/Documents/SelfBalancingRobot/Code/ROS2/install/joy_modbus_bridge/share/joy_modbus_bridge/hook/ament_prefix_path.dsv'
[0.924s] INFO:colcon.colcon_core.shell:Creating environment hook '/home/rj/Documents/SelfBalancingRobot/Code/ROS2/install/joy_modbus_bridge/share/joy_modbus_bridge/hook/ament_prefix_path.sh'
[0.924s] INFO:colcon.colcon_core.shell:Skip shell extension 'powershell' for command environment: Not usable outside of PowerShell
[0.924s] DEBUG:colcon.colcon_core.shell:Skip shell extension 'dsv' for command environment
[1.339s] INFO:colcon.colcon_core.task.python.build:Building Python package in '/home/rj/Documents/SelfBalancingRobot/Code/ROS2/src/joy_modbus_bridge'
[1.340s] INFO:colcon.colcon_core.shell:Skip shell extension 'powershell' for command environment: Not usable outside of PowerShell
[1.340s] DEBUG:colcon.colcon_core.shell:Skip shell extension 'dsv' for command environment
[1.923s] DEBUG:colcon.colcon_core.event_handler.log_command:Invoking command in '/home/rj/Documents/SelfBalancingRobot/Code/ROS2/src/joy_modbus_bridge': PYTHONPATH=/home/rj/Documents/SelfBalancingRobot/Code/ROS2/build/joy_modbus_bridge/prefix_override:/usr/lib/python3/dist-packages/colcon_core/task/python/colcon_distutils_commands:/home/rj/Documents/SelfBalancingRobot/Code/ROS2/install/joy_modbus_bridge/lib/python3.10/site-packages:${PYTHONPATH} /usr/bin/python3 -W ignore:setup.py install is deprecated -W ignore:easy_install command is deprecated setup.py egg_info --egg-base ../../build/joy_modbus_bridge build --build-base /home/rj/Documents/SelfBalancingRobot/Code/ROS2/build/joy_modbus_bridge/build install --record /home/rj/Documents/SelfBalancingRobot/Code/ROS2/build/joy_modbus_bridge/install.log --single-version-externally-managed install_data
[2.365s] DEBUG:colcon.colcon_core.event_handler.log_command:Invoked command in '/home/rj/Documents/SelfBalancingRobot/Code/ROS2/src/joy_modbus_bridge' returned '0': PYTHONPATH=/home/rj/Documents/SelfBalancingRobot/Code/ROS2/build/joy_modbus_bridge/prefix_override:/usr/lib/python3/dist-packages/colcon_core/task/python/colcon_distutils_commands:/home/rj/Documents/SelfBalancingRobot/Code/ROS2/install/joy_modbus_bridge/lib/python3.10/site-packages:${PYTHONPATH} /usr/bin/python3 -W ignore:setup.py install is deprecated -W ignore:easy_install command is deprecated setup.py egg_info --egg-base ../../build/joy_modbus_bridge build --build-base /home/rj/Documents/SelfBalancingRobot/Code/ROS2/build/joy_modbus_bridge/build install --record /home/rj/Documents/SelfBalancingRobot/Code/ROS2/build/joy_modbus_bridge/install.log --single-version-externally-managed install_data
[2.371s] Level 1:colcon.colcon_core.environment:checking '/home/rj/Documents/SelfBalancingRobot/Code/ROS2/install/joy_modbus_bridge' for CMake module files
[2.372s] Level 1:colcon.colcon_core.environment:checking '/home/rj/Documents/SelfBalancingRobot/Code/ROS2/install/joy_modbus_bridge' for CMake config files
[2.372s] Level 1:colcon.colcon_core.environment:checking '/home/rj/Documents/SelfBalancingRobot/Code/ROS2/install/joy_modbus_bridge/lib'
[2.372s] Level 1:colcon.colcon_core.environment:checking '/home/rj/Documents/SelfBalancingRobot/Code/ROS2/install/joy_modbus_bridge/bin'
[2.372s] Level 1:colcon.colcon_core.environment:checking '/home/rj/Documents/SelfBalancingRobot/Code/ROS2/install/joy_modbus_bridge/lib/pkgconfig/joy_modbus_bridge.pc'
[2.373s] Level 1:colcon.colcon_core.environment:checking '/home/rj/Documents/SelfBalancingRobot/Code/ROS2/install/joy_modbus_bridge/lib/python3.10/site-packages'
[2.373s] Level 1:colcon.colcon_core.shell:create_environment_hook('joy_modbus_bridge', 'pythonpath')
[2.373s] INFO:colcon.colcon_core.shell:Creating environment hook '/home/rj/Documents/SelfBalancingRobot/Code/ROS2/install/joy_modbus_bridge/share/joy_modbus_bridge/hook/pythonpath.ps1'
[2.373s] INFO:colcon.colcon_core.shell:Creating environment descriptor '/home/rj/Documents/SelfBalancingRobot/Code/ROS2/install/joy_modbus_bridge/share/joy_modbus_bridge/hook/pythonpath.dsv'
[2.374s] INFO:colcon.colcon_core.shell:Creating environment hook '/home/rj/Documents/SelfBalancingRobot/Code/ROS2/install/joy_modbus_bridge/share/joy_modbus_bridge/hook/pythonpath.sh'
[2.374s] Level 1:colcon.colcon_core.environment:checking '/home/rj/Documents/SelfBalancingRobot/Code/ROS2/install/joy_modbus_bridge/bin'
[2.374s] Level 1:colcon.colcon_core.environment:create_environment_scripts_only(joy_modbus_bridge)
[2.375s] INFO:colcon.colcon_core.shell:Creating package script '/home/rj/Documents/SelfBalancingRobot/Code/ROS2/install/joy_modbus_bridge/share/joy_modbus_bridge/package.ps1'
[2.375s] INFO:colcon.colcon_core.shell:Creating package descriptor '/home/rj/Documents/SelfBalancingRobot/Code/ROS2/install/joy_modbus_bridge/share/joy_modbus_bridge/package.dsv'
[2.376s] INFO:colcon.colcon_core.shell:Creating package script '/home/rj/Documents/SelfBalancingRobot/Code/ROS2/install/joy_modbus_bridge/share/joy_modbus_bridge/package.sh'
[2.377s] INFO:colcon.colcon_core.shell:Creating package script '/home/rj/Documents/SelfBalancingRobot/Code/ROS2/install/joy_modbus_bridge/share/joy_modbus_bridge/package.bash'
[2.377s] INFO:colcon.colcon_core.shell:Creating package script '/home/rj/Documents/SelfBalancingRobot/Code/ROS2/install/joy_modbus_bridge/share/joy_modbus_bridge/package.zsh'
[2.378s] Level 1:colcon.colcon_core.environment:create_file_with_runtime_dependencies(/home/rj/Documents/SelfBalancingRobot/Code/ROS2/install/joy_modbus_bridge/share/colcon-core/packages/joy_modbus_bridge)
[2.378s] DEBUG:colcon.colcon_parallel_executor.executor.parallel:closing loop
[2.379s] DEBUG:colcon.colcon_parallel_executor.executor.parallel:loop closed
[2.379s] DEBUG:colcon.colcon_parallel_executor.executor.parallel:run_until_complete finished with '0'
[2.379s] DEBUG:colcon.colcon_core.event_reactor:joining thread
[2.387s] INFO:colcon.colcon_core.plugin_system:Skipping extension 'colcon_notification.desktop_notification.terminal_notifier': Not used on non-Darwin systems
[2.388s] INFO:colcon.colcon_core.plugin_system:Skipping extension 'colcon_notification.desktop_notification.win32': Not used on non-Windows systems
[2.388s] INFO:colcon.colcon_notification.desktop_notification:Sending desktop notification using 'notify2'
[2.401s] DEBUG:colcon.colcon_core.event_reactor:joined thread
[2.401s] INFO:colcon.colcon_core.shell:Creating prefix script '/home/rj/Documents/SelfBalancingRobot/Code/ROS2/install/local_setup.ps1'
[2.402s] INFO:colcon.colcon_core.shell:Creating prefix util module '/home/rj/Documents/SelfBalancingRobot/Code/ROS2/install/_local_setup_util_ps1.py'
[2.404s] INFO:colcon.colcon_core.shell:Creating prefix chain script '/home/rj/Documents/SelfBalancingRobot/Code/ROS2/install/setup.ps1'
[2.415s] INFO:colcon.colcon_core.shell:Creating prefix script '/home/rj/Documents/SelfBalancingRobot/Code/ROS2/install/local_setup.sh'
[2.416s] INFO:colcon.colcon_core.shell:Creating prefix util module '/home/rj/Documents/SelfBalancingRobot/Code/ROS2/install/_local_setup_util_sh.py'
[2.416s] INFO:colcon.colcon_core.shell:Creating prefix chain script '/home/rj/Documents/SelfBalancingRobot/Code/ROS2/install/setup.sh'
[2.428s] INFO:colcon.colcon_core.shell:Creating prefix script '/home/rj/Documents/SelfBalancingRobot/Code/ROS2/install/local_setup.bash'
[2.429s] INFO:colcon.colcon_core.shell:Creating prefix chain script '/home/rj/Documents/SelfBalancingRobot/Code/ROS2/install/setup.bash'
[2.439s] INFO:colcon.colcon_core.shell:Creating prefix script '/home/rj/Documents/SelfBalancingRobot/Code/ROS2/install/local_setup.zsh'
[2.439s] INFO:colcon.colcon_core.shell:Creating prefix chain script '/home/rj/Documents/SelfBalancingRobot/Code/ROS2/install/setup.zsh'
