running egg_info
writing ../../build/joy_modbus_bridge/joy_modbus_bridge.egg-info/PKG-INFO
writing dependency_links to ../../build/joy_modbus_bridge/joy_modbus_bridge.egg-info/dependency_links.txt
writing entry points to ../../build/joy_modbus_bridge/joy_modbus_bridge.egg-info/entry_points.txt
writing requirements to ../../build/joy_modbus_bridge/joy_modbus_bridge.egg-info/requires.txt
writing top-level names to ../../build/joy_modbus_bridge/joy_modbus_bridge.egg-info/top_level.txt
reading manifest file '../../build/joy_modbus_bridge/joy_modbus_bridge.egg-info/SOURCES.txt'
writing manifest file '../../build/joy_modbus_bridge/joy_modbus_bridge.egg-info/SOURCES.txt'
running build
running build_py
copying joy_modbus_bridge/joy_modbus_bridge_node.py -> /home/rj/Documents/SelfBalancingRobot/Code/ROS2/build/joy_modbus_bridge/build/lib/joy_modbus_bridge
running install
running install_lib
copying /home/rj/Documents/SelfBalancingRobot/Code/ROS2/build/joy_modbus_bridge/build/lib/joy_modbus_bridge/joy_modbus_bridge_node.py -> /home/rj/Documents/SelfBalancingRobot/Code/ROS2/install/joy_modbus_bridge/lib/python3.10/site-packages/joy_modbus_bridge
byte-compiling /home/rj/Documents/SelfBalancingRobot/Code/ROS2/install/joy_modbus_bridge/lib/python3.10/site-packages/joy_modbus_bridge/joy_modbus_bridge_node.py to joy_modbus_bridge_node.cpython-310.pyc
running install_data
copying launch/joy_modbus_bridge_launch.py -> /home/rj/Documents/SelfBalancingRobot/Code/ROS2/install/joy_modbus_bridge/share/joy_modbus_bridge/launch
running install_egg_info
removing '/home/rj/Documents/SelfBalancingRobot/Code/ROS2/install/joy_modbus_bridge/lib/python3.10/site-packages/joy_modbus_bridge-0.0.1-py3.10.egg-info' (and everything under it)
Copying ../../build/joy_modbus_bridge/joy_modbus_bridge.egg-info to /home/rj/Documents/SelfBalancingRobot/Code/ROS2/install/joy_modbus_bridge/lib/python3.10/site-packages/joy_modbus_bridge-0.0.1-py3.10.egg-info
running install_scripts
Installing joy_modbus_bridge_node script to /home/rj/Documents/SelfBalancingRobot/Code/ROS2/install/joy_modbus_bridge/lib/joy_modbus_bridge
writing list of installed files to '/home/rj/Documents/SelfBalancingRobot/Code/ROS2/build/joy_modbus_bridge/install.log'
