[0.981s] Invoking command in '/home/rj/Documents/SelfBalancingRobot/Code/ROS2/src/joy_modbus_bridge': PYTHONPATH=/home/rj/Documents/SelfBalancingRobot/Code/ROS2/build/joy_modbus_bridge/prefix_override:/usr/lib/python3/dist-packages/colcon_core/task/python/colcon_distutils_commands:/home/rj/Documents/SelfBalancingRobot/Code/ROS2/install/joy_modbus_bridge/lib/python3.10/site-packages:${PYTHONPATH} /usr/bin/python3 -W ignore:setup.py install is deprecated -W ignore:easy_install command is deprecated setup.py egg_info --egg-base ../../build/joy_modbus_bridge build --build-base /home/rj/Documents/SelfBalancingRobot/Code/ROS2/build/joy_modbus_bridge/build install --record /home/rj/Documents/SelfBalancingRobot/Code/ROS2/build/joy_modbus_bridge/install.log --single-version-externally-managed install_data
[1.369s] running egg_info
[1.370s] writing ../../build/joy_modbus_bridge/joy_modbus_bridge.egg-info/PKG-INFO
[1.370s] writing dependency_links to ../../build/joy_modbus_bridge/joy_modbus_bridge.egg-info/dependency_links.txt
[1.370s] writing entry points to ../../build/joy_modbus_bridge/joy_modbus_bridge.egg-info/entry_points.txt
[1.370s] writing requirements to ../../build/joy_modbus_bridge/joy_modbus_bridge.egg-info/requires.txt
[1.370s] writing top-level names to ../../build/joy_modbus_bridge/joy_modbus_bridge.egg-info/top_level.txt
[1.372s] reading manifest file '../../build/joy_modbus_bridge/joy_modbus_bridge.egg-info/SOURCES.txt'
[1.372s] writing manifest file '../../build/joy_modbus_bridge/joy_modbus_bridge.egg-info/SOURCES.txt'
[1.372s] running build
[1.372s] running build_py
[1.373s] copying joy_modbus_bridge/joy_modbus_bridge_node.py -> /home/rj/Documents/SelfBalancingRobot/Code/ROS2/build/joy_modbus_bridge/build/lib/joy_modbus_bridge
[1.373s] running install
[1.373s] running install_lib
[1.373s] copying /home/rj/Documents/SelfBalancingRobot/Code/ROS2/build/joy_modbus_bridge/build/lib/joy_modbus_bridge/joy_modbus_bridge_node.py -> /home/rj/Documents/SelfBalancingRobot/Code/ROS2/install/joy_modbus_bridge/lib/python3.10/site-packages/joy_modbus_bridge
[1.375s] byte-compiling /home/rj/Documents/SelfBalancingRobot/Code/ROS2/install/joy_modbus_bridge/lib/python3.10/site-packages/joy_modbus_bridge/joy_modbus_bridge_node.py to joy_modbus_bridge_node.cpython-310.pyc
[1.376s] running install_data
[1.376s] copying launch/joy_modbus_bridge_launch.py -> /home/rj/Documents/SelfBalancingRobot/Code/ROS2/install/joy_modbus_bridge/share/joy_modbus_bridge/launch
[1.376s] running install_egg_info
[1.378s] removing '/home/rj/Documents/SelfBalancingRobot/Code/ROS2/install/joy_modbus_bridge/lib/python3.10/site-packages/joy_modbus_bridge-0.0.1-py3.10.egg-info' (and everything under it)
[1.378s] Copying ../../build/joy_modbus_bridge/joy_modbus_bridge.egg-info to /home/rj/Documents/SelfBalancingRobot/Code/ROS2/install/joy_modbus_bridge/lib/python3.10/site-packages/joy_modbus_bridge-0.0.1-py3.10.egg-info
[1.379s] running install_scripts
[1.406s] Installing joy_modbus_bridge_node script to /home/rj/Documents/SelfBalancingRobot/Code/ROS2/install/joy_modbus_bridge/lib/joy_modbus_bridge
[1.407s] writing list of installed files to '/home/rj/Documents/SelfBalancingRobot/Code/ROS2/build/joy_modbus_bridge/install.log'
[1.430s] Invoked command in '/home/rj/Documents/SelfBalancingRobot/Code/ROS2/src/joy_modbus_bridge' returned '0': PYTHONPATH=/home/rj/Documents/SelfBalancingRobot/Code/ROS2/build/joy_modbus_bridge/prefix_override:/usr/lib/python3/dist-packages/colcon_core/task/python/colcon_distutils_commands:/home/rj/Documents/SelfBalancingRobot/Code/ROS2/install/joy_modbus_bridge/lib/python3.10/site-packages:${PYTHONPATH} /usr/bin/python3 -W ignore:setup.py install is deprecated -W ignore:easy_install command is deprecated setup.py egg_info --egg-base ../../build/joy_modbus_bridge build --build-base /home/rj/Documents/SelfBalancingRobot/Code/ROS2/build/joy_modbus_bridge/build install --record /home/rj/Documents/SelfBalancingRobot/Code/ROS2/build/joy_modbus_bridge/install.log --single-version-externally-managed install_data
