running egg_info
creating ../../build/joy_udp_bridge/joy_udp_bridge.egg-info
writing ../../build/joy_udp_bridge/joy_udp_bridge.egg-info/PKG-INFO
writing dependency_links to ../../build/joy_udp_bridge/joy_udp_bridge.egg-info/dependency_links.txt
writing entry points to ../../build/joy_udp_bridge/joy_udp_bridge.egg-info/entry_points.txt
writing requirements to ../../build/joy_udp_bridge/joy_udp_bridge.egg-info/requires.txt
writing top-level names to ../../build/joy_udp_bridge/joy_udp_bridge.egg-info/top_level.txt
writing manifest file '../../build/joy_udp_bridge/joy_udp_bridge.egg-info/SOURCES.txt'
reading manifest file '../../build/joy_udp_bridge/joy_udp_bridge.egg-info/SOURCES.txt'
writing manifest file '../../build/joy_udp_bridge/joy_udp_bridge.egg-info/SOURCES.txt'
running build
running build_py
creating /home/rj/Documents/SelfBalancingRobot/Code/ROS2/build/joy_udp_bridge/build
creating /home/rj/Documents/SelfBalancingRobot/Code/ROS2/build/joy_udp_bridge/build/lib
creating /home/rj/Documents/SelfBalancingRobot/Code/ROS2/build/joy_udp_bridge/build/lib/joy_udp_bridge
copying joy_udp_bridge/joy_udp_bridge_node.py -> /home/rj/Documents/SelfBalancingRobot/Code/ROS2/build/joy_udp_bridge/build/lib/joy_udp_bridge
copying joy_udp_bridge/__init__.py -> /home/rj/Documents/SelfBalancingRobot/Code/ROS2/build/joy_udp_bridge/build/lib/joy_udp_bridge
running install
running install_lib
creating /home/rj/Documents/SelfBalancingRobot/Code/ROS2/install/joy_udp_bridge/lib/python3.10/site-packages/joy_udp_bridge
copying /home/rj/Documents/SelfBalancingRobot/Code/ROS2/build/joy_udp_bridge/build/lib/joy_udp_bridge/joy_udp_bridge_node.py -> /home/rj/Documents/SelfBalancingRobot/Code/ROS2/install/joy_udp_bridge/lib/python3.10/site-packages/joy_udp_bridge
copying /home/rj/Documents/SelfBalancingRobot/Code/ROS2/build/joy_udp_bridge/build/lib/joy_udp_bridge/__init__.py -> /home/rj/Documents/SelfBalancingRobot/Code/ROS2/install/joy_udp_bridge/lib/python3.10/site-packages/joy_udp_bridge
byte-compiling /home/rj/Documents/SelfBalancingRobot/Code/ROS2/install/joy_udp_bridge/lib/python3.10/site-packages/joy_udp_bridge/joy_udp_bridge_node.py to joy_udp_bridge_node.cpython-310.pyc
byte-compiling /home/rj/Documents/SelfBalancingRobot/Code/ROS2/install/joy_udp_bridge/lib/python3.10/site-packages/joy_udp_bridge/__init__.py to __init__.cpython-310.pyc
running install_data
creating /home/rj/Documents/SelfBalancingRobot/Code/ROS2/install/joy_udp_bridge/share/ament_index
creating /home/rj/Documents/SelfBalancingRobot/Code/ROS2/install/joy_udp_bridge/share/ament_index/resource_index
creating /home/rj/Documents/SelfBalancingRobot/Code/ROS2/install/joy_udp_bridge/share/ament_index/resource_index/packages
copying resource/joy_udp_bridge -> /home/rj/Documents/SelfBalancingRobot/Code/ROS2/install/joy_udp_bridge/share/ament_index/resource_index/packages
copying package.xml -> /home/rj/Documents/SelfBalancingRobot/Code/ROS2/install/joy_udp_bridge/share/joy_udp_bridge
creating /home/rj/Documents/SelfBalancingRobot/Code/ROS2/install/joy_udp_bridge/share/joy_udp_bridge/launch
copying launch/joy_udp_bridge_launch.py -> /home/rj/Documents/SelfBalancingRobot/Code/ROS2/install/joy_udp_bridge/share/joy_udp_bridge/launch
running install_egg_info
Copying ../../build/joy_udp_bridge/joy_udp_bridge.egg-info to /home/rj/Documents/SelfBalancingRobot/Code/ROS2/install/joy_udp_bridge/lib/python3.10/site-packages/joy_udp_bridge-0.0.1-py3.10.egg-info
running install_scripts
Installing joy_udp_bridge_node script to /home/rj/Documents/SelfBalancingRobot/Code/ROS2/install/joy_udp_bridge/lib/joy_udp_bridge
writing list of installed files to '/home/rj/Documents/SelfBalancingRobot/Code/ROS2/build/joy_udp_bridge/install.log'
