[1.004s] Invoking command in '/home/rj/Documents/SelfBalancingRobot/Code/ROS2/src/joy_modbus_bridge': PYTHONPATH=/home/rj/Documents/SelfBalancingRobot/Code/ROS2/build/joy_modbus_bridge/prefix_override:/usr/lib/python3/dist-packages/colcon_core/task/python/colcon_distutils_commands:/home/rj/Documents/SelfBalancingRobot/Code/ROS2/install/joy_modbus_bridge/lib/python3.10/site-packages:${PYTHONPATH} /usr/bin/python3 -W ignore:setup.py install is deprecated -W ignore:easy_install command is deprecated setup.py egg_info --egg-base ../../build/joy_modbus_bridge build --build-base /home/rj/Documents/SelfBalancingRobot/Code/ROS2/build/joy_modbus_bridge/build install --record /home/rj/Documents/SelfBalancingRobot/Code/ROS2/build/joy_modbus_bridge/install.log --single-version-externally-managed install_data
[1.385s] running egg_info
[1.386s] writing ../../build/joy_modbus_bridge/joy_modbus_bridge.egg-info/PKG-INFO
[1.386s] writing dependency_links to ../../build/joy_modbus_bridge/joy_modbus_bridge.egg-info/dependency_links.txt
[1.386s] writing entry points to ../../build/joy_modbus_bridge/joy_modbus_bridge.egg-info/entry_points.txt
[1.386s] writing requirements to ../../build/joy_modbus_bridge/joy_modbus_bridge.egg-info/requires.txt
[1.386s] writing top-level names to ../../build/joy_modbus_bridge/joy_modbus_bridge.egg-info/top_level.txt
[1.388s] reading manifest file '../../build/joy_modbus_bridge/joy_modbus_bridge.egg-info/SOURCES.txt'
[1.388s] writing manifest file '../../build/joy_modbus_bridge/joy_modbus_bridge.egg-info/SOURCES.txt'
[1.388s] running build
[1.389s] running build_py
[1.389s] copying joy_modbus_bridge/joy_modbus_bridge_node.py -> /home/rj/Documents/SelfBalancingRobot/Code/ROS2/build/joy_modbus_bridge/build/lib/joy_modbus_bridge
[1.389s] running install
[1.389s] running install_lib
[1.390s] copying /home/rj/Documents/SelfBalancingRobot/Code/ROS2/build/joy_modbus_bridge/build/lib/joy_modbus_bridge/joy_modbus_bridge_node.py -> /home/rj/Documents/SelfBalancingRobot/Code/ROS2/install/joy_modbus_bridge/lib/python3.10/site-packages/joy_modbus_bridge
[1.391s] byte-compiling /home/rj/Documents/SelfBalancingRobot/Code/ROS2/install/joy_modbus_bridge/lib/python3.10/site-packages/joy_modbus_bridge/joy_modbus_bridge_node.py to joy_modbus_bridge_node.cpython-310.pyc
[1.392s] running install_data
[1.392s] copying launch/joy_modbus_bridge_launch.py -> /home/rj/Documents/SelfBalancingRobot/Code/ROS2/install/joy_modbus_bridge/share/joy_modbus_bridge/launch
[1.392s] running install_egg_info
[1.395s] removing '/home/rj/Documents/SelfBalancingRobot/Code/ROS2/install/joy_modbus_bridge/lib/python3.10/site-packages/joy_modbus_bridge-0.0.1-py3.10.egg-info' (and everything under it)
[1.395s] Copying ../../build/joy_modbus_bridge/joy_modbus_bridge.egg-info to /home/rj/Documents/SelfBalancingRobot/Code/ROS2/install/joy_modbus_bridge/lib/python3.10/site-packages/joy_modbus_bridge-0.0.1-py3.10.egg-info
[1.396s] running install_scripts
[1.425s] Installing joy_modbus_bridge_node script to /home/rj/Documents/SelfBalancingRobot/Code/ROS2/install/joy_modbus_bridge/lib/joy_modbus_bridge
[1.426s] writing list of installed files to '/home/rj/Documents/SelfBalancingRobot/Code/ROS2/build/joy_modbus_bridge/install.log'
[1.446s] Invoked command in '/home/rj/Documents/SelfBalancingRobot/Code/ROS2/src/joy_modbus_bridge' returned '0': PYTHONPATH=/home/rj/Documents/SelfBalancingRobot/Code/ROS2/build/joy_modbus_bridge/prefix_override:/usr/lib/python3/dist-packages/colcon_core/task/python/colcon_distutils_commands:/home/rj/Documents/SelfBalancingRobot/Code/ROS2/install/joy_modbus_bridge/lib/python3.10/site-packages:${PYTHONPATH} /usr/bin/python3 -W ignore:setup.py install is deprecated -W ignore:easy_install command is deprecated setup.py egg_info --egg-base ../../build/joy_modbus_bridge build --build-base /home/rj/Documents/SelfBalancingRobot/Code/ROS2/build/joy_modbus_bridge/build install --record /home/rj/Documents/SelfBalancingRobot/Code/ROS2/build/joy_modbus_bridge/install.log --single-version-externally-managed install_data
